marstrong@DESKTOP-ON1U0CR:~$ cd mnt/c
-bash: cd: mnt/c: No such file or directory
marstrong@DESKTOP-ON1U0CR:~$ cd /mnt/c
marstrong@DESKTOP-ON1U0CR:/mnt/c$ ls
ls: cannot access 'DumpStack.log.tmp': Permission denied
ls: cannot access 'hiberfil.sys': Permission denied
ls: cannot access 'pagefile.sys': Permission denied
ls: cannot access 'swapfile.sys': Permission denied
'$Recycle.Bin'   BOOTSECT.BAK             'Previous Version'     'System Volume Information'   bootmgr
'$SysReset'      Boot                     'Program Files'         UserGuidePDF                 hiberfil.sys
'$WinREAgent'   'Documents and Settings'  'Program Files (x86)'   Users                        pagefile.sys
 AMTAG.BIN       DumpStack.log.tmp         ProgramData            Windows                      swapfile.sys
 Aomei           Intel                     QualityStats           Windows.old
 BIOS            OneDriveTemp              Recovery               Windows10Upgrade
 BOOTNXT         PerfLogs                  Recovery.txt           bootTel.dat
marstrong@DESKTOP-ON1U0CR:/mnt/c$ cd Users
marstrong@DESKTOP-ON1U0CR:/mnt/c/Users$ cd marstrong/
marstrong@DESKTOP-ON1U0CR:/mnt/c/Users/marstrong$ ls
'3D Objects'
 AppData
'Application Data'
 Contacts
 Cookies
 Desktop
 Documents
 Downloads
 Favorites
 IntelGraphicsProfiles
 Links
'Local Settings'
 MicrosoftEdgeBackups
 Music
'My Documents'
 NTUSER.DAT
 NTUSER.DAT{53b39e88-18c4-11ea-a811-000d3aa4692b}.TM.blf
 NTUSER.DAT{53b39e88-18c4-11ea-a811-000d3aa4692b}.TMContainer00000000000000000001.regtrans-ms
 NTUSER.DAT{53b39e88-18c4-11ea-a811-000d3aa4692b}.TMContainer00000000000000000002.regtrans-ms
 NetHood
 OneDrive
 Pictures
 PrintHood
 Recent
'Saved Games'
 Searches
 SendTo
'Start Menu'
 Templates
 Videos
 ntuser.dat.LOG1
 ntuser.dat.LOG2
 ntuser.ini
 source
marstrong@DESKTOP-ON1U0CR:/mnt/c/Users/marstrong$ cd source/
marstrong@DESKTOP-ON1U0CR:/mnt/c/Users/marstrong/source$ git clone https://github.com/marstrong/windows-dev-setup.git
Cloning into 'windows-dev-setup'...
remote: Enumerating objects: 14, done.
remote: Counting objects: 100% (14/14), done.
remote: Compressing objects: 100% (12/12), done.
remote: Total 14 (delta 2), reused 8 (delta 0), pack-reused 0
Unpacking objects: 100% (14/14), done.
marstrong@DESKTOP-ON1U0CR:/mnt/c/Users/marstrong/source$ git status
fatal: not a git repository (or any parent up to mount point /mnt)
Stopping at filesystem boundary (GIT_DISCOVERY_ACROSS_FILESYSTEM not set).
marstrong@DESKTOP-ON1U0CR:/mnt/c/Users/marstrong/source$ cd windows-dev-setup/
marstrong@DESKTOP-ON1U0CR:/mnt/c/Users/marstrong/source/windows-dev-setup$ git status
On branch master
Your branch is up to date with 'origin/master'.

nothing to commit, working tree clean
marstrong@DESKTOP-ON1U0CR:/mnt/c/Users/marstrong/source/windows-dev-setup$ code .
marstrong@DESKTOP-ON1U0CR:/mnt/c/Users/marstrong/source/windows-dev-setup$ git status
On branch master
Your branch is up to date with 'origin/master'.

Changes not staged for commit:
  (use "git add <file>..." to update what will be committed)
  (use "git checkout -- <file>..." to discard changes in working directory)

        modified:   README.md

Untracked files:
  (use "git add <file>..." to include in what will be committed)

        console_output/

no changes added to commit (use "git add" and/or "git commit -a")
marstrong@DESKTOP-ON1U0CR:/mnt/c/Users/marstrong/source/windows-dev-setup$ git add -A
marstrong@DESKTOP-ON1U0CR:/mnt/c/Users/marstrong/source/windows-dev-setup$ git checkout -b first_commit
M       README.md
A       console_output/git_setup.bash.output
A       console_output/initialize_ubuntu_distro.bash.output
A       console_output/rbenv_setup.bash.output
A       console_output/wsl_setup.powershell.output
Switched to a new branch 'first_commit'
marstrong@DESKTOP-ON1U0CR:/mnt/c/Users/marstrong/source/windows-dev-setup$ git status
On branch first_commit
Changes to be committed:
  (use "git reset HEAD <file>..." to unstage)

        modified:   README.md
        new file:   console_output/git_setup.bash.output
        new file:   console_output/initialize_ubuntu_distro.bash.output
        new file:   console_output/rbenv_setup.bash.output
        new file:   console_output/wsl_setup.powershell.output

marstrong@DESKTOP-ON1U0CR:/mnt/c/Users/marstrong/source/windows-dev-setup$ git add -A
marstrong@DESKTOP-ON1U0CR:/mnt/c/Users/marstrong/source/windows-dev-setup$ git commit -m "first commit"
[first_commit ba0f26d] first commit
 5 files changed, 274 insertions(+), 1 deletion(-)
 create mode 100644 console_output/git_setup.bash.output
 create mode 100644 console_output/initialize_ubuntu_distro.bash.output
 create mode 100644 console_output/rbenv_setup.bash.output
 create mode 100644 console_output/wsl_setup.powershell.output
marstrong@DESKTOP-ON1U0CR:/mnt/c/Users/marstrong/source/windows-dev-setup$ git push
fatal: The current branch first_commit has no upstream branch.
To push the current branch and set the remote as upstream, use

    git push --set-upstream origin first_commit

marstrong@DESKTOP-ON1U0CR:/mnt/c/Users/marstrong/source/windows-dev-setup$ git push --set-upstream origin first_commit
Username for 'https://github.com': marstrong
Password for 'https://marstrong@github.com':
To https://github.com/marstrong/windows-dev-setup.git
 ! [rejected]        first_commit -> first_commit (non-fast-forward)
error: failed to push some refs to 'https://github.com/marstrong/windows-dev-setup.git'
hint: Updates were rejected because the tip of your current branch is behind
hint: its remote counterpart. Integrate the remote changes (e.g.
hint: 'git pull ...') before pushing again.
hint: See the 'Note about fast-forwards' in 'git push --help' for details.
marstrong@DESKTOP-ON1U0CR:/mnt/c/Users/marstrong/source/windows-dev-setup$ git checkout -b console_output_files
Switched to a new branch 'console_output_files'
marstrong@DESKTOP-ON1U0CR:/mnt/c/Users/marstrong/source/windows-dev-setup$ git add -A
marstrong@DESKTOP-ON1U0CR:/mnt/c/Users/marstrong/source/windows-dev-setup$ git commit -m "rbenv installation"
On branch console_output_files
nothing to commit, working tree clean
marstrong@DESKTOP-ON1U0CR:/mnt/c/Users/marstrong/source/windows-dev-setup$ git push
fatal: The current branch console_output_files has no upstream branch.
To push the current branch and set the remote as upstream, use

    git push --set-upstream origin console_output_files

marstrong@DESKTOP-ON1U0CR:/mnt/c/Users/marstrong/source/windows-dev-setup$ git push --set-upstream origin console_output_files
Username for 'https://github.com': marstrong
Password for 'https://marstrong@github.com':
Counting objects: 8, done.
Delta compression using up to 4 threads.
Compressing objects: 100% (8/8), done.
Writing objects: 100% (8/8), 4.15 KiB | 606.00 KiB/s, done.
Total 8 (delta 0), reused 0 (delta 0)
remote:
remote: Create a pull request for 'console_output_files' on GitHub by visiting:
remote:      https://github.com/marstrong/windows-dev-setup/pull/new/console_output_files
remote:
To https://github.com/marstrong/windows-dev-setup.git
 * [new branch]      console_output_files -> console_output_files
Branch 'console_output_files' set up to track remote branch 'console_output_files' from 'origin'.
marstrong@DESKTOP-ON1U0CR:/mnt/c/Users/marstrong/source/windows-dev-setup$ git checkout master
Switched to branch 'master'
Your branch is up to date with 'origin/master'.
marstrong@DESKTOP-ON1U0CR:/mnt/c/Users/marstrong/source/windows-dev-setup$ git pull
Already up to date.
marstrong@DESKTOP-ON1U0CR:/mnt/c/Users/marstrong/source/windows-dev-setup$ git merge console_output_files
Updating 8954e0c..ba0f26d
Fast-forward
 README.md                                           |  66 +++++++++++++++++++++++++++++++++-
 console_output/git_setup.bash.output                |  22 ++++++++++++
 console_output/initialize_ubuntu_distro.bash.output |  16 +++++++++
 console_output/rbenv_setup.bash.output              | 115 ++++++++++++++++++++++++++++++++++++++++++++++++++++++++++++
 console_output/wsl_setup.powershell.output          |  56 +++++++++++++++++++++++++++++
 5 files changed, 274 insertions(+), 1 deletion(-)
 create mode 100644 console_output/git_setup.bash.output
 create mode 100644 console_output/initialize_ubuntu_distro.bash.output
 create mode 100644 console_output/rbenv_setup.bash.output
 create mode 100644 console_output/wsl_setup.powershell.output
marstrong@DESKTOP-ON1U0CR:/mnt/c/Users/marstrong/source/windows-dev-setup$ git push
Username for 'https://github.com': marstrong
Password for 'https://marstrong@github.com':
Total 0 (delta 0), reused 0 (delta 0)
To https://github.com/marstrong/windows-dev-setup.git
   8954e0c..ba0f26d  master -> master
marstrong@DESKTOP-ON1U0CR:/mnt/c/Users/marstrong/source/windows-dev-setup$ git config --global credential.helper store
marstrong@DESKTOP-ON1U0CR:/mnt/c/Users/marstrong/source/windows-dev-setup$ git pull
Already up to date.
marstrong@DESKTOP-ON1U0CR:/mnt/c/Users/marstrong/source/windows-dev-setup$ cd
marstrong@DESKTOP-ON1U0CR:~$ git config --global credential.helper store
marstrong@DESKTOP-ON1U0CR:~$ git pull
fatal: not a git repository (or any of the parent directories): .git
marstrong@DESKTOP-ON1U0CR:~$ git config --global user.email
marshallstrong123@gmail.com
marstrong@DESKTOP-ON1U0CR:~$ # maybe I need to restart my computer....
marstrong@DESKTOP-ON1U0CR:~$




