To run a command as administrator (user "root"), use "sudo <command>".
See "man sudo_root" for details.

marstrong@DESKTOP-ON1U0CR:~$ curl -fsSL https://github.com/rbenv/rbenv-installer/raw/master/bin/rbenv-installer | bash
Installing rbenv with git...
Initialized empty Git repository in /home/marstrong/.rbenv/.git/
Updating origin
remote: Enumerating objects: 2794, done.
remote: Total 2794 (delta 0), reused 0 (delta 0), pack-reused 2794
Receiving objects: 100% (2794/2794), 518.76 KiB | 2.06 MiB/s, done.
Resolving deltas: 100% (1760/1760), done.
From https://github.com/rbenv/rbenv
 * [new branch]      master     -> origin/master
 * [new tag]         v0.1.0     -> v0.1.0
 * [new tag]         v0.1.1     -> v0.1.1
 * [new tag]         v0.1.2     -> v0.1.2
 * [new tag]         v0.2.0     -> v0.2.0
 * [new tag]         v0.2.1     -> v0.2.1
 * [new tag]         v0.3.0     -> v0.3.0
 * [new tag]         v0.4.0     -> v0.4.0
 * [new tag]         v1.0.0     -> v1.0.0
 * [new tag]         v1.1.0     -> v1.1.0
 * [new tag]         v1.1.1     -> v1.1.1
 * [new tag]         v1.1.2     -> v1.1.2
Branch 'master' set up to track remote branch 'master' from 'origin'.
Already on 'master'
warning: gcc not found; using CC=cc
aborted: compiler not found: cc
Optional bash extension failed to build, but things will still work normally.

Installing ruby-build with git...
Cloning into '/home/marstrong/.rbenv/plugins/ruby-build'...
remote: Enumerating objects: 159, done.
remote: Counting objects: 100% (159/159), done.
remote: Compressing objects: 100% (84/84), done.
remote: Total 10836 (delta 119), reused 93 (delta 69), pack-reused 10677
Receiving objects: 100% (10836/10836), 2.27 MiB | 1.94 MiB/s, done.
Resolving deltas: 100% (7173/7173), done.
Checking out files: 100% (528/528), done.

Running doctor script to verify installation...
Checking for `rbenv' in PATH: not found
  You seem to have rbenv installed in `/home/marstrong/.rbenv/bin', but that
  directory is not present in PATH. Please add it to PATH by configuring
  your `~/.bashrc', `~/.zshrc', or `~/.config/fish/config.fish'.
marstrong@DESKTOP-ON1U0CR:~$ echo 'export PATH="$HOME/.rbenv/bin:$PATH"' >> ~/.bashrc
marstrong@DESKTOP-ON1U0CR:~$ echo '# initialize rbenv everytime you open a new console window (otherwise our system ruby version will take over when we start a new terminal session)' >> ~/.bashrc
marstrong@DESKTOP-ON1U0CR:~$
marstrong@DESKTOP-ON1U0CR:~$ echo 'eval "$(rbenv init -)"' >> ~/.bashrc
marstrong@DESKTOP-ON1U0CR:~$
marstrong@DESKTOP-ON1U0CR:~$ source
-bash: source: filename argument required
source: usage: source filename [arguments]
marstrong@DESKTOP-ON1U0CR:~$ source ~/.bashrc
marstrong@DESKTOP-ON1U0CR:~$ source
-bash: source: filename argument required
source: usage: source filename [arguments]
marstrong@DESKTOP-ON1U0CR:~$ echo '' >> ~/.bashrc
marstrong@DESKTOP-ON1U0CR:~$ echo '# source .bashrc from .bash_profile' >> ~/.bash_profile
marstrong@DESKTOP-ON1U0CR:~$ echo 'source ~/.bashrc' >> ~/.bash_profile
marstrong@DESKTOP-ON1U0CR:~$ code ~/.bash_profile
marstrong@DESKTOP-ON1U0CR:~$
marstrong@DESKTOP-ON1U0CR:~$
marstrong@DESKTOP-ON1U0CR:~$
marstrong@DESKTOP-ON1U0CR:~$ rbenv install 2.5.1
Downloading ruby-2.5.1.tar.bz2...










checking for cc... no
checking for cl.exe... no
configure: error: in `/tmp/ruby-build.20200422221555.500.H8sKp7/ruby-2.5.1':
configure: error: no acceptable C compiler found in $PATH
See `config.log' for more details
marstrong@DESKTOP-ON1U0CR:~$
marstrong@DESKTOP-ON1U0CR:~$
marstrong@DESKTOP-ON1U0CR:~$ q

Command 'q' not found, but can be installed with:

sudo apt install python-q-text-as-data
sudo apt install python3-q-text-as-data

marstrong@DESKTOP-ON1U0CR:~$ ;
-bash: syntax error near unexpected token `;'
marstrong@DESKTOP-ON1U0CR:~$ 213fdadsfs
213fdadsfs: command not found
marstrong@DESKTOP-ON1U0CR:~$
marstrong@DESKTOP-ON1U0CR:~$ clear
marstrong@DESKTOP-ON1U0CR:~$ rbenv
rbenv 1.1.2-28-gc2cfbd1
Usage: rbenv <command> [<args>]

Some useful rbenv commands are:
   commands    List all available rbenv commands
   local       Set or show the local application-specific Ruby version
   global      Set or show the global Ruby version
   shell       Set or show the shell-specific Ruby version
   install     Install a Ruby version using ruby-build
   uninstall   Uninstall a specific Ruby version
   rehash      Rehash rbenv shims (run this after installing executables)
   version     Show the current Ruby version and its origin
   versions    List installed Ruby versions
   which       Display the full path to an executable
   whence      List all Ruby versions that contain the given executable

See `rbenv help <command>' for information on a specific command.
For full documentation, see: https://github.com/rbenv/rbenv#readme
marstrong@DESKTOP-ON1U0CR:~$
marstrong@DESKTOP-ON1U0CR:~$ rbenv install 2.5.1
Installing ruby-2.5.1...

WARNING: ruby-2.5.1 is nearing its end of life.
It only receives critical security updates, no bug fixes.


BUILD FAILED (Ubuntu 18.04 using ruby-build 20200401-9-g3ef704e)

Inspect or clean up the working tree at /tmp/ruby-build.20200422222351.960.zIwDA8
Results logged to /tmp/ruby-build.20200422222351.960.log

Last 10 log lines:
checking for ruby... false
checking build system type... x86_64-pc-linux-gnu
checking host system type... x86_64-pc-linux-gnu
checking target system type... x86_64-pc-linux-gnu
checking for gcc... no
checking for cc... no
checking for cl.exe... no
configure: error: in `/tmp/ruby-build.20200422222351.960.zIwDA8/ruby-2.5.1':
configure: error: no acceptable C compiler found in $PATH
See `config.log' for more details
marstrong@DESKTOP-ON1U0CR:~$ code /tmp
marstrong@DESKTOP-ON1U0CR:~$ sudo apt-get update
[sudo] password for marstrong:
Get:1 http://security.ubuntu.com/ubuntu bionic-security InRelease [88.7 kB]
Get:2 http://security.ubuntu.com/ubuntu bionic-security/main amd64 Packages [692 kB]
Get:3 http://security.ubuntu.com/ubuntu bionic-security/main Translation-en [221 kB]
Get:4 http://security.ubuntu.com/ubuntu bionic-security/restricted amd64 Packages [34.3 kB]
Get:5 http://security.ubuntu.com/ubuntu bionic-security/restricted Translation-en [8924 B]
Get:6 http://security.ubuntu.com/ubuntu bionic-security/universe amd64 Packages [657 kB]
Hit:7 http://archive.ubuntu.com/ubuntu bionic InRelease
Get:8 http://security.ubuntu.com/ubuntu bionic-security/universe Translation-en [218 kB]
Get:9 http://archive.ubuntu.com/ubuntu bionic-updates InRelease [88.7 kB]
Get:10 http://security.ubuntu.com/ubuntu bionic-security/multiverse amd64 Packages [7176 B]
Get:11 http://security.ubuntu.com/ubuntu bionic-security/multiverse Translation-en [2764 B]
Get:12 http://archive.ubuntu.com/ubuntu bionic-backports InRelease [74.6 kB]
Get:13 http://archive.ubuntu.com/ubuntu bionic/universe amd64 Packages [8570 kB]
Get:14 http://archive.ubuntu.com/ubuntu bionic/universe Translation-en [4941 kB]
Get:15 http://archive.ubuntu.com/ubuntu bionic/multiverse amd64 Packages [151 kB]
Get:16 http://archive.ubuntu.com/ubuntu bionic/multiverse Translation-en [108 kB]
Get:17 http://archive.ubuntu.com/ubuntu bionic-updates/main amd64 Packages [916 kB]
Get:18 http://archive.ubuntu.com/ubuntu bionic-updates/main Translation-en [315 kB]
Get:19 http://archive.ubuntu.com/ubuntu bionic-updates/restricted amd64 Packages [43.9 kB]
Get:20 http://archive.ubuntu.com/ubuntu bionic-updates/restricted Translation-en [11.0 kB]
Get:21 http://archive.ubuntu.com/ubuntu bionic-updates/universe amd64 Packages [1066 kB]
Get:22 http://archive.ubuntu.com/ubuntu bionic-updates/universe Translation-en [331 kB]
Get:23 http://archive.ubuntu.com/ubuntu bionic-updates/multiverse amd64 Packages [10.8 kB]
Get:24 http://archive.ubuntu.com/ubuntu bionic-updates/multiverse Translation-en [4728 B]
Get:25 http://archive.ubuntu.com/ubuntu bionic-backports/main amd64 Packages [7516 B]
Get:26 http://archive.ubuntu.com/ubuntu bionic-backports/main Translation-en [4764 B]
Get:27 http://archive.ubuntu.com/ubuntu bionic-backports/universe amd64 Packages [7060 B]
Get:28 http://archive.ubuntu.com/ubuntu bionic-backports/universe Translation-en [4188 B]
Fetched 18.6 MB in 1min 3s (294 kB/s)
Reading package lists... Done
marstrong@DESKTOP-ON1U0CR:~$ sudo apt install build-essential
Reading package lists... Done
Building dependency tree
Reading state information... Done
The following additional packages will be installed:
  binutils binutils-common binutils-x86-64-linux-gnu cpp cpp-7 dpkg-dev fakeroot g++ g++-7 gcc gcc-7 gcc-7-base
  gcc-8-base libalgorithm-diff-perl libalgorithm-diff-xs-perl libalgorithm-merge-perl libasan4 libatomic1 libbinutils
  libc-dev-bin libc6-dev libcc1-0 libcilkrts5 libdpkg-perl libfakeroot libfile-fcntllock-perl libgcc-7-dev libgcc1
  libgomp1 libisl19 libitm1 liblsan0 libmpc3 libmpx2 libquadmath0 libstdc++-7-dev libstdc++6 libtsan0 libubsan0
  linux-libc-dev make manpages-dev
Suggested packages:
  binutils-doc cpp-doc gcc-7-locales debian-keyring g++-multilib g++-7-multilib gcc-7-doc libstdc++6-7-dbg
  gcc-multilib autoconf automake libtool flex bison gdb gcc-doc gcc-7-multilib libgcc1-dbg libgomp1-dbg libitm1-dbg
  libatomic1-dbg libasan4-dbg liblsan0-dbg libtsan0-dbg libubsan0-dbg libcilkrts5-dbg libmpx2-dbg libquadmath0-dbg
  glibc-doc bzr libstdc++-7-doc make-doc
The following NEW packages will be installed:
  binutils binutils-common binutils-x86-64-linux-gnu build-essential cpp cpp-7 dpkg-dev fakeroot g++ g++-7 gcc gcc-7
  gcc-7-base libalgorithm-diff-perl libalgorithm-diff-xs-perl libalgorithm-merge-perl libasan4 libatomic1 libbinutils
  libc-dev-bin libc6-dev libcc1-0 libcilkrts5 libdpkg-perl libfakeroot libfile-fcntllock-perl libgcc-7-dev libgomp1
  libisl19 libitm1 liblsan0 libmpc3 libmpx2 libquadmath0 libstdc++-7-dev libtsan0 libubsan0 linux-libc-dev make
  manpages-dev
The following packages will be upgraded:
  gcc-8-base libgcc1 libstdc++6
3 upgraded, 40 newly installed, 0 to remove and 38 not upgraded.
Need to get 43.5 MB of archives.
After this operation, 165 MB of additional disk space will be used.
Do you want to continue? [Y/n] y
Get:1 http://archive.ubuntu.com/ubuntu bionic-updates/main amd64 gcc-8-base amd64 8.4.0-1ubuntu1~18.04 [18.7 kB]
Get:2 http://archive.ubuntu.com/ubuntu bionic-updates/main amd64 libstdc++6 amd64 8.4.0-1ubuntu1~18.04 [400 kB]
Get:3 http://archive.ubuntu.com/ubuntu bionic-updates/main amd64 libgcc1 amd64 1:8.4.0-1ubuntu1~18.04 [40.6 kB]
Get:4 http://archive.ubuntu.com/ubuntu bionic-updates/main amd64 binutils-common amd64 2.30-21ubuntu1~18.04.3 [196 kB]
Get:5 http://archive.ubuntu.com/ubuntu bionic-updates/main amd64 libbinutils amd64 2.30-21ubuntu1~18.04.3 [488 kB]
Get:6 http://archive.ubuntu.com/ubuntu bionic-updates/main amd64 binutils-x86-64-linux-gnu amd64 2.30-21ubuntu1~18.04.3 [1839 kB]
Get:7 http://archive.ubuntu.com/ubuntu bionic-updates/main amd64 binutils amd64 2.30-21ubuntu1~18.04.3 [3388 B]
Get:8 http://archive.ubuntu.com/ubuntu bionic/main amd64 libc-dev-bin amd64 2.27-3ubuntu1 [71.8 kB]
Get:9 http://archive.ubuntu.com/ubuntu bionic-updates/main amd64 linux-libc-dev amd64 4.15.0-96.97 [1021 kB]
Get:10 http://archive.ubuntu.com/ubuntu bionic/main amd64 libc6-dev amd64 2.27-3ubuntu1 [2587 kB]
Get:11 http://archive.ubuntu.com/ubuntu bionic-updates/main amd64 gcc-7-base amd64 7.5.0-3ubuntu1~18.04 [18.3 kB]
Get:12 http://archive.ubuntu.com/ubuntu bionic/main amd64 libisl19 amd64 0.19-1 [551 kB]
Get:13 http://archive.ubuntu.com/ubuntu bionic/main amd64 libmpc3 amd64 1.1.0-1 [40.8 kB]
Get:14 http://archive.ubuntu.com/ubuntu bionic-updates/main amd64 cpp-7 amd64 7.5.0-3ubuntu1~18.04 [8591 kB]
Get:15 http://archive.ubuntu.com/ubuntu bionic-updates/main amd64 cpp amd64 4:7.4.0-1ubuntu2.3 [27.7 kB]
Get:16 http://archive.ubuntu.com/ubuntu bionic-updates/main amd64 libcc1-0 amd64 8.4.0-1ubuntu1~18.04 [39.4 kB]
Get:17 http://archive.ubuntu.com/ubuntu bionic-updates/main amd64 libgomp1 amd64 8.4.0-1ubuntu1~18.04 [76.5 kB]
Get:18 http://archive.ubuntu.com/ubuntu bionic-updates/main amd64 libitm1 amd64 8.4.0-1ubuntu1~18.04 [27.9 kB]
Get:19 http://archive.ubuntu.com/ubuntu bionic-updates/main amd64 libatomic1 amd64 8.4.0-1ubuntu1~18.04 [9192 B]
Get:20 http://archive.ubuntu.com/ubuntu bionic-updates/main amd64 libasan4 amd64 7.5.0-3ubuntu1~18.04 [358 kB]
Get:21 http://archive.ubuntu.com/ubuntu bionic-updates/main amd64 liblsan0 amd64 8.4.0-1ubuntu1~18.04 [133 kB]
Get:22 http://archive.ubuntu.com/ubuntu bionic-updates/main amd64 libtsan0 amd64 8.4.0-1ubuntu1~18.04 [288 kB]
Get:23 http://archive.ubuntu.com/ubuntu bionic-updates/main amd64 libubsan0 amd64 7.5.0-3ubuntu1~18.04 [126 kB]
Get:24 http://archive.ubuntu.com/ubuntu bionic-updates/main amd64 libcilkrts5 amd64 7.5.0-3ubuntu1~18.04 [42.5 kB]
Get:25 http://archive.ubuntu.com/ubuntu bionic-updates/main amd64 libmpx2 amd64 8.4.0-1ubuntu1~18.04 [11.6 kB]
Get:26 http://archive.ubuntu.com/ubuntu bionic-updates/main amd64 libquadmath0 amd64 8.4.0-1ubuntu1~18.04 [134 kB]
Get:27 http://archive.ubuntu.com/ubuntu bionic-updates/main amd64 libgcc-7-dev amd64 7.5.0-3ubuntu1~18.04 [2378 kB]
Get:28 http://archive.ubuntu.com/ubuntu bionic-updates/main amd64 gcc-7 amd64 7.5.0-3ubuntu1~18.04 [9381 kB]
Get:29 http://archive.ubuntu.com/ubuntu bionic-updates/main amd64 gcc amd64 4:7.4.0-1ubuntu2.3 [5184 B]
Get:30 http://archive.ubuntu.com/ubuntu bionic-updates/main amd64 libstdc++-7-dev amd64 7.5.0-3ubuntu1~18.04 [1471 kB]
Get:31 http://archive.ubuntu.com/ubuntu bionic-updates/main amd64 g++-7 amd64 7.5.0-3ubuntu1~18.04 [9697 kB]
Get:32 http://archive.ubuntu.com/ubuntu bionic-updates/main amd64 g++ amd64 4:7.4.0-1ubuntu2.3 [1568 B]
Get:33 http://archive.ubuntu.com/ubuntu bionic/main amd64 make amd64 4.1-9.1ubuntu1 [154 kB]
Get:34 http://archive.ubuntu.com/ubuntu bionic-updates/main amd64 libdpkg-perl all 1.19.0.5ubuntu2.3 [211 kB]
Get:35 http://archive.ubuntu.com/ubuntu bionic-updates/main amd64 dpkg-dev all 1.19.0.5ubuntu2.3 [607 kB]
Get:36 http://archive.ubuntu.com/ubuntu bionic/main amd64 build-essential amd64 12.4ubuntu1 [4758 B]
Get:37 http://archive.ubuntu.com/ubuntu bionic/main amd64 libfakeroot amd64 1.22-2ubuntu1 [25.9 kB]
Get:38 http://archive.ubuntu.com/ubuntu bionic/main amd64 fakeroot amd64 1.22-2ubuntu1 [62.3 kB]
Get:39 http://archive.ubuntu.com/ubuntu bionic/main amd64 libalgorithm-diff-perl all 1.19.03-1 [47.6 kB]
Get:40 http://archive.ubuntu.com/ubuntu bionic/main amd64 libalgorithm-diff-xs-perl amd64 0.04-5 [11.1 kB]
Get:41 http://archive.ubuntu.com/ubuntu bionic/main amd64 libalgorithm-merge-perl all 0.08-3 [12.0 kB]
Get:42 http://archive.ubuntu.com/ubuntu bionic/main amd64 libfile-fcntllock-perl amd64 0.22-3build2 [33.2 kB]
Get:43 http://archive.ubuntu.com/ubuntu bionic/main amd64 manpages-dev all 4.15-1 [2217 kB]
Fetched 43.5 MB in 1min 23s (523 kB/s)
Extracting templates from packages: 100%
(Reading database ... 29242 files and directories currently installed.)
Preparing to unpack .../gcc-8-base_8.4.0-1ubuntu1~18.04_amd64.deb ...
Unpacking gcc-8-base:amd64 (8.4.0-1ubuntu1~18.04) over (8.3.0-6ubuntu1~18.04.1) ...
Setting up gcc-8-base:amd64 (8.4.0-1ubuntu1~18.04) ...
(Reading database ... 29242 files and directories currently installed.)
Preparing to unpack .../libstdc++6_8.4.0-1ubuntu1~18.04_amd64.deb ...
Unpacking libstdc++6:amd64 (8.4.0-1ubuntu1~18.04) over (8.3.0-6ubuntu1~18.04.1) ...
Setting up libstdc++6:amd64 (8.4.0-1ubuntu1~18.04) ...
(Reading database ... 29242 files and directories currently installed.)
Preparing to unpack .../libgcc1_1%3a8.4.0-1ubuntu1~18.04_amd64.deb ...
Unpacking libgcc1:amd64 (1:8.4.0-1ubuntu1~18.04) over (1:8.3.0-6ubuntu1~18.04.1) ...
Setting up libgcc1:amd64 (1:8.4.0-1ubuntu1~18.04) ...
Selecting previously unselected package binutils-common:amd64.
(Reading database ... 29242 files and directories currently installed.)
Preparing to unpack .../00-binutils-common_2.30-21ubuntu1~18.04.3_amd64.deb ...
Unpacking binutils-common:amd64 (2.30-21ubuntu1~18.04.3) ...
Selecting previously unselected package libbinutils:amd64.
Preparing to unpack .../01-libbinutils_2.30-21ubuntu1~18.04.3_amd64.deb ...
Unpacking libbinutils:amd64 (2.30-21ubuntu1~18.04.3) ...
Selecting previously unselected package binutils-x86-64-linux-gnu.
Preparing to unpack .../02-binutils-x86-64-linux-gnu_2.30-21ubuntu1~18.04.3_amd64.deb ...
Unpacking binutils-x86-64-linux-gnu (2.30-21ubuntu1~18.04.3) ...
Selecting previously unselected package binutils.
Preparing to unpack .../03-binutils_2.30-21ubuntu1~18.04.3_amd64.deb ...
Unpacking binutils (2.30-21ubuntu1~18.04.3) ...
Selecting previously unselected package libc-dev-bin.
Preparing to unpack .../04-libc-dev-bin_2.27-3ubuntu1_amd64.deb ...
Unpacking libc-dev-bin (2.27-3ubuntu1) ...
Selecting previously unselected package linux-libc-dev:amd64.
Preparing to unpack .../05-linux-libc-dev_4.15.0-96.97_amd64.deb ...
Unpacking linux-libc-dev:amd64 (4.15.0-96.97) ...
Selecting previously unselected package libc6-dev:amd64.
Preparing to unpack .../06-libc6-dev_2.27-3ubuntu1_amd64.deb ...
Unpacking libc6-dev:amd64 (2.27-3ubuntu1) ...
Selecting previously unselected package gcc-7-base:amd64.
Preparing to unpack .../07-gcc-7-base_7.5.0-3ubuntu1~18.04_amd64.deb ...
Unpacking gcc-7-base:amd64 (7.5.0-3ubuntu1~18.04) ...
Selecting previously unselected package libisl19:amd64.
Preparing to unpack .../08-libisl19_0.19-1_amd64.deb ...
Unpacking libisl19:amd64 (0.19-1) ...
Selecting previously unselected package libmpc3:amd64.
Preparing to unpack .../09-libmpc3_1.1.0-1_amd64.deb ...
Unpacking libmpc3:amd64 (1.1.0-1) ...
Selecting previously unselected package cpp-7.
Preparing to unpack .../10-cpp-7_7.5.0-3ubuntu1~18.04_amd64.deb ...
Unpacking cpp-7 (7.5.0-3ubuntu1~18.04) ...
Selecting previously unselected package cpp.
Preparing to unpack .../11-cpp_4%3a7.4.0-1ubuntu2.3_amd64.deb ...
Unpacking cpp (4:7.4.0-1ubuntu2.3) ...
Selecting previously unselected package libcc1-0:amd64.
Preparing to unpack .../12-libcc1-0_8.4.0-1ubuntu1~18.04_amd64.deb ...
Unpacking libcc1-0:amd64 (8.4.0-1ubuntu1~18.04) ...
Selecting previously unselected package libgomp1:amd64.
Preparing to unpack .../13-libgomp1_8.4.0-1ubuntu1~18.04_amd64.deb ...
Unpacking libgomp1:amd64 (8.4.0-1ubuntu1~18.04) ...
Selecting previously unselected package libitm1:amd64.
Preparing to unpack .../14-libitm1_8.4.0-1ubuntu1~18.04_amd64.deb ...
Unpacking libitm1:amd64 (8.4.0-1ubuntu1~18.04) ...
Selecting previously unselected package libatomic1:amd64.
Preparing to unpack .../15-libatomic1_8.4.0-1ubuntu1~18.04_amd64.deb ...
Unpacking libatomic1:amd64 (8.4.0-1ubuntu1~18.04) ...
Selecting previously unselected package libasan4:amd64.
Preparing to unpack .../16-libasan4_7.5.0-3ubuntu1~18.04_amd64.deb ...
Unpacking libasan4:amd64 (7.5.0-3ubuntu1~18.04) ...
Selecting previously unselected package liblsan0:amd64.
Preparing to unpack .../17-liblsan0_8.4.0-1ubuntu1~18.04_amd64.deb ...
Unpacking liblsan0:amd64 (8.4.0-1ubuntu1~18.04) ...
Selecting previously unselected package libtsan0:amd64.
Preparing to unpack .../18-libtsan0_8.4.0-1ubuntu1~18.04_amd64.deb ...
Unpacking libtsan0:amd64 (8.4.0-1ubuntu1~18.04) ...
Selecting previously unselected package libubsan0:amd64.
Preparing to unpack .../19-libubsan0_7.5.0-3ubuntu1~18.04_amd64.deb ...
Unpacking libubsan0:amd64 (7.5.0-3ubuntu1~18.04) ...
Selecting previously unselected package libcilkrts5:amd64.
Preparing to unpack .../20-libcilkrts5_7.5.0-3ubuntu1~18.04_amd64.deb ...
Unpacking libcilkrts5:amd64 (7.5.0-3ubuntu1~18.04) ...
Selecting previously unselected package libmpx2:amd64.
Preparing to unpack .../21-libmpx2_8.4.0-1ubuntu1~18.04_amd64.deb ...
Unpacking libmpx2:amd64 (8.4.0-1ubuntu1~18.04) ...
Selecting previously unselected package libquadmath0:amd64.
Preparing to unpack .../22-libquadmath0_8.4.0-1ubuntu1~18.04_amd64.deb ...
Unpacking libquadmath0:amd64 (8.4.0-1ubuntu1~18.04) ...
Selecting previously unselected package libgcc-7-dev:amd64.
Preparing to unpack .../23-libgcc-7-dev_7.5.0-3ubuntu1~18.04_amd64.deb ...
Unpacking libgcc-7-dev:amd64 (7.5.0-3ubuntu1~18.04) ...
Selecting previously unselected package gcc-7.
Preparing to unpack .../24-gcc-7_7.5.0-3ubuntu1~18.04_amd64.deb ...
Unpacking gcc-7 (7.5.0-3ubuntu1~18.04) ...
Selecting previously unselected package gcc.
Preparing to unpack .../25-gcc_4%3a7.4.0-1ubuntu2.3_amd64.deb ...
Unpacking gcc (4:7.4.0-1ubuntu2.3) ...
Selecting previously unselected package libstdc++-7-dev:amd64.
Preparing to unpack .../26-libstdc++-7-dev_7.5.0-3ubuntu1~18.04_amd64.deb ...
Unpacking libstdc++-7-dev:amd64 (7.5.0-3ubuntu1~18.04) ...
Selecting previously unselected package g++-7.
Preparing to unpack .../27-g++-7_7.5.0-3ubuntu1~18.04_amd64.deb ...
Unpacking g++-7 (7.5.0-3ubuntu1~18.04) ...
Selecting previously unselected package g++.
Preparing to unpack .../28-g++_4%3a7.4.0-1ubuntu2.3_amd64.deb ...
Unpacking g++ (4:7.4.0-1ubuntu2.3) ...
Selecting previously unselected package make.
Preparing to unpack .../29-make_4.1-9.1ubuntu1_amd64.deb ...
Unpacking make (4.1-9.1ubuntu1) ...
Selecting previously unselected package libdpkg-perl.
Preparing to unpack .../30-libdpkg-perl_1.19.0.5ubuntu2.3_all.deb ...
Unpacking libdpkg-perl (1.19.0.5ubuntu2.3) ...
Selecting previously unselected package dpkg-dev.
Preparing to unpack .../31-dpkg-dev_1.19.0.5ubuntu2.3_all.deb ...
Unpacking dpkg-dev (1.19.0.5ubuntu2.3) ...
Selecting previously unselected package build-essential.
Preparing to unpack .../32-build-essential_12.4ubuntu1_amd64.deb ...
Unpacking build-essential (12.4ubuntu1) ...
Selecting previously unselected package libfakeroot:amd64.
Preparing to unpack .../33-libfakeroot_1.22-2ubuntu1_amd64.deb ...
Unpacking libfakeroot:amd64 (1.22-2ubuntu1) ...
Selecting previously unselected package fakeroot.
Preparing to unpack .../34-fakeroot_1.22-2ubuntu1_amd64.deb ...
Unpacking fakeroot (1.22-2ubuntu1) ...
Selecting previously unselected package libalgorithm-diff-perl.
Preparing to unpack .../35-libalgorithm-diff-perl_1.19.03-1_all.deb ...
Unpacking libalgorithm-diff-perl (1.19.03-1) ...
Selecting previously unselected package libalgorithm-diff-xs-perl.
Preparing to unpack .../36-libalgorithm-diff-xs-perl_0.04-5_amd64.deb ...
Unpacking libalgorithm-diff-xs-perl (0.04-5) ...
Selecting previously unselected package libalgorithm-merge-perl.
Preparing to unpack .../37-libalgorithm-merge-perl_0.08-3_all.deb ...
Unpacking libalgorithm-merge-perl (0.08-3) ...
Selecting previously unselected package libfile-fcntllock-perl.
Preparing to unpack .../38-libfile-fcntllock-perl_0.22-3build2_amd64.deb ...
Unpacking libfile-fcntllock-perl (0.22-3build2) ...
Selecting previously unselected package manpages-dev.
Preparing to unpack .../39-manpages-dev_4.15-1_all.deb ...
Unpacking manpages-dev (4.15-1) ...
Setting up libquadmath0:amd64 (8.4.0-1ubuntu1~18.04) ...
Setting up libgomp1:amd64 (8.4.0-1ubuntu1~18.04) ...
Setting up libatomic1:amd64 (8.4.0-1ubuntu1~18.04) ...
Setting up libcc1-0:amd64 (8.4.0-1ubuntu1~18.04) ...
Setting up make (4.1-9.1ubuntu1) ...
Setting up libtsan0:amd64 (8.4.0-1ubuntu1~18.04) ...
Setting up linux-libc-dev:amd64 (4.15.0-96.97) ...
Setting up libdpkg-perl (1.19.0.5ubuntu2.3) ...
Setting up liblsan0:amd64 (8.4.0-1ubuntu1~18.04) ...
Setting up gcc-7-base:amd64 (7.5.0-3ubuntu1~18.04) ...
Setting up binutils-common:amd64 (2.30-21ubuntu1~18.04.3) ...
Setting up libfile-fcntllock-perl (0.22-3build2) ...
Setting up libmpx2:amd64 (8.4.0-1ubuntu1~18.04) ...
Setting up libfakeroot:amd64 (1.22-2ubuntu1) ...
Setting up libalgorithm-diff-perl (1.19.03-1) ...
Setting up libmpc3:amd64 (1.1.0-1) ...
Setting up libc-dev-bin (2.27-3ubuntu1) ...
Setting up manpages-dev (4.15-1) ...
Setting up libc6-dev:amd64 (2.27-3ubuntu1) ...
Setting up libitm1:amd64 (8.4.0-1ubuntu1~18.04) ...
Setting up libisl19:amd64 (0.19-1) ...
Setting up libasan4:amd64 (7.5.0-3ubuntu1~18.04) ...
Setting up libbinutils:amd64 (2.30-21ubuntu1~18.04.3) ...
Setting up libcilkrts5:amd64 (7.5.0-3ubuntu1~18.04) ...
Setting up libubsan0:amd64 (7.5.0-3ubuntu1~18.04) ...
Setting up fakeroot (1.22-2ubuntu1) ...
update-alternatives: using /usr/bin/fakeroot-sysv to provide /usr/bin/fakeroot (fakeroot) in auto mode
Setting up libgcc-7-dev:amd64 (7.5.0-3ubuntu1~18.04) ...
Setting up cpp-7 (7.5.0-3ubuntu1~18.04) ...
Setting up libstdc++-7-dev:amd64 (7.5.0-3ubuntu1~18.04) ...
Setting up libalgorithm-merge-perl (0.08-3) ...
Setting up libalgorithm-diff-xs-perl (0.04-5) ...
Setting up binutils-x86-64-linux-gnu (2.30-21ubuntu1~18.04.3) ...
Setting up cpp (4:7.4.0-1ubuntu2.3) ...
Setting up binutils (2.30-21ubuntu1~18.04.3) ...
Setting up gcc-7 (7.5.0-3ubuntu1~18.04) ...
Setting up g++-7 (7.5.0-3ubuntu1~18.04) ...
Setting up gcc (4:7.4.0-1ubuntu2.3) ...
Setting up dpkg-dev (1.19.0.5ubuntu2.3) ...
Setting up g++ (4:7.4.0-1ubuntu2.3) ...
update-alternatives: using /usr/bin/g++ to provide /usr/bin/c++ (c++) in auto mode
Setting up build-essential (12.4ubuntu1) ...
Processing triggers for man-db (2.8.3-2ubuntu0.1) ...
Processing triggers for libc-bin (2.27-3ubuntu1) ...
marstrong@DESKTOP-ON1U0CR:~$ rbenv install 2.5.1
Installing ruby-2.5.1...

WARNING: ruby-2.5.1 is nearing its end of life.
It only receives critical security updates, no bug fixes.


BUILD FAILED (Ubuntu 18.04 using ruby-build 20200401-9-g3ef704e)

Inspect or clean up the working tree at /tmp/ruby-build.20200422224836.6733.hegPyO
Results logged to /tmp/ruby-build.20200422224836.6733.log

Last 10 log lines:
The Ruby readline extension was not compiled.
The Ruby zlib extension was not compiled.
ERROR: Ruby install aborted due to missing extensions
Try running `apt-get install -y libssl-dev libreadline-dev zlib1g-dev` to fetch missing dependencies.

Configure options used:
  --prefix=/home/marstrong/.rbenv/versions/2.5.1
  --enable-shared
  LDFLAGS=-L/home/marstrong/.rbenv/versions/2.5.1/lib
  CPPFLAGS=-I/home/marstrong/.rbenv/versions/2.5.1/include
marstrong@DESKTOP-ON1U0CR:~$ apt-get install -y libssl-dev libreadline-dev zlib1g-dev
E: Could not open lock file /var/lib/dpkg/lock-frontend - open (13: Permission denied)
E: Unable to acquire the dpkg frontend lock (/var/lib/dpkg/lock-frontend), are you root?
marstrong@DESKTOP-ON1U0CR:~$ sudo apt-get install -y libssl-dev libreadline-dev zlib1g-dev
[sudo] password for marstrong:
Reading package lists... Done
Building dependency tree
Reading state information... Done
The following additional packages will be installed:
  libtinfo-dev
Suggested packages:
  readline-doc libssl-doc
The following NEW packages will be installed:
  libreadline-dev libssl-dev libtinfo-dev zlib1g-dev
0 upgraded, 4 newly installed, 0 to remove and 38 not upgraded.
Need to get 1956 kB of archives.
After this operation, 9436 kB of additional disk space will be used.
Get:1 http://archive.ubuntu.com/ubuntu bionic-updates/main amd64 libtinfo-dev amd64 6.1-1ubuntu1.18.04 [81.3 kB]
Get:2 http://archive.ubuntu.com/ubuntu bionic/main amd64 libreadline-dev amd64 7.0-3 [133 kB]
Get:3 http://archive.ubuntu.com/ubuntu bionic-updates/main amd64 libssl-dev amd64 1.1.1-1ubuntu2.1~18.04.5 [1566 kB]
Get:4 http://archive.ubuntu.com/ubuntu bionic/main amd64 zlib1g-dev amd64 1:1.2.11.dfsg-0ubuntu2 [176 kB]
Fetched 1956 kB in 10s (193 kB/s)
Selecting previously unselected package libtinfo-dev:amd64.
(Reading database ... 34723 files and directories currently installed.)
Preparing to unpack .../libtinfo-dev_6.1-1ubuntu1.18.04_amd64.deb ...
Unpacking libtinfo-dev:amd64 (6.1-1ubuntu1.18.04) ...
Selecting previously unselected package libreadline-dev:amd64.
Preparing to unpack .../libreadline-dev_7.0-3_amd64.deb ...
Unpacking libreadline-dev:amd64 (7.0-3) ...
Selecting previously unselected package libssl-dev:amd64.
Preparing to unpack .../libssl-dev_1.1.1-1ubuntu2.1~18.04.5_amd64.deb ...
Unpacking libssl-dev:amd64 (1.1.1-1ubuntu2.1~18.04.5) ...
Selecting previously unselected package zlib1g-dev:amd64.
Preparing to unpack .../zlib1g-dev_1%3a1.2.11.dfsg-0ubuntu2_amd64.deb ...
Unpacking zlib1g-dev:amd64 (1:1.2.11.dfsg-0ubuntu2) ...
Setting up libssl-dev:amd64 (1.1.1-1ubuntu2.1~18.04.5) ...
Setting up libtinfo-dev:amd64 (6.1-1ubuntu1.18.04) ...
Setting up libreadline-dev:amd64 (7.0-3) ...
Setting up zlib1g-dev:amd64 (1:1.2.11.dfsg-0ubuntu2) ...
Processing triggers for man-db (2.8.3-2ubuntu0.1) ...
Processing triggers for install-info (6.5.0.dfsg.1-2) ...
marstrong@DESKTOP-ON1U0CR:~$ rbenv install 2.5.1
Installing ruby-2.5.1...

WARNING: ruby-2.5.1 is nearing its end of life.
It only receives critical security updates, no bug fixes.

Installed ruby-2.5.1 to /home/marstrong/.rbenv/versions/2.5.1

marstrong@DESKTOP-ON1U0CR:~$






