marstrong@DESKTOP-ON1U0CR:~$ which code
/mnt/c/Users/marstrong/AppData/Local/Programs/Microsoft VS Code/bin/code
marstrong@DESKTOP-ON1U0CR:~$ rbenv global 2.5.1
marstrong@DESKTOP-ON1U0CR:~$ rbenv rehash
marstrong@DESKTOP-ON1U0CR:~$ ruby -v
ruby 2.5.1p57 (2018-03-29 revision 63029) [x86_64-linux]
marstrong@DESKTOP-ON1U0CR:~$ which ruby
/home/marstrong/.rbenv/shims/ruby
marstrong@DESKTOP-ON1U0CR:~$ gem install bundler pry byebug
Fetching: bundler-2.1.4.gem (100%)
/home/marstrong/.rbenv/rbenv.d/exec/gem-rehash/rubygems_plugin.rb:6: warning: Insecure world writable dir /mnt/c in PATH, mode 040777
Successfully installed bundler-2.1.4
Parsing documentation for bundler-2.1.4
Installing ri documentation for bundler-2.1.4
Done installing documentation for bundler after 17 seconds
Fetching: coderay-1.1.2.gem (100%)
Successfully installed coderay-1.1.2
Fetching: method_source-1.0.0.gem (100%)
Successfully installed method_source-1.0.0
Fetching: pry-0.13.1.gem (100%)
Successfully installed pry-0.13.1
invalid options: -SNw2
(invalid options are ignored)
Parsing documentation for coderay-1.1.2
Installing ri documentation for coderay-1.1.2
Parsing documentation for method_source-1.0.0
Installing ri documentation for method_source-1.0.0
Parsing documentation for pry-0.13.1
Installing ri documentation for pry-0.13.1
Done installing documentation for coderay, method_source, pry after 11 seconds
Fetching: byebug-11.1.3.gem (100%)
Building native extensions. This could take a while...
Successfully installed byebug-11.1.3
Parsing documentation for byebug-11.1.3
Installing ri documentation for byebug-11.1.3
Done installing documentation for byebug after 26 seconds
5 gems installed